[www.ahmaddamra.com/index.html]
[backblue.gif]
[fade.gif]
[index.html]
[www.ahmaddamra.com/Content/css/plugins.css]
[www.ahmaddamra.com/Content/css/style-light.css]
[www.ahmaddamra.com/Content/css/blue-color.css]
[www.ahmaddamra.com/js/modernizr.js]
[www.ahmaddamra.com/Content/img/a.jpg]
[www.ahmaddamra.com/aspcore.pdf]
[www.ahmaddamra.com/Content/img/sign.png]
[www.ahmaddamra.com/Content/img/clients/client-01.png]
[www.ahmaddamra.com/Content/img/clients/client-02.png]
[www.ahmaddamra.com/Content/img/clients/client-03.jpg]
[www.ahmaddamra.com/Content/img/clients/client-04.jpg]
[www.ahmaddamra.com/Content/img/clients/client-05.png]
[www.ahmaddamra.com/Content/img/clients/client-06.png]
[www.ahmaddamra.com/Content/img/clients/client-07.png]
[www.ahmaddamra.com/Content/img/clients/client-08.jpg]
[www.ahmaddamra.com/Content/img/clients/client-09.png]
[www.ahmaddamra.com/Content/img/portfolio/hikma.jpg]
[www.ahmaddamra.com/Content/img/portfolio/Orange.jpg]
[www.ahmaddamra.com/Content/img/portfolio/Umniah.jpg]
[www.ahmaddamra.com/Content/img/portfolio/globital.jpg]
[www.ahmaddamra.com/Content/img/portfolio/ihorizons.jpg]
[www.ahmaddamra.com/Content/img/portfolio/borsa.jpg]
[www.ahmaddamra.com/Content/img/portfolio/img-7.jpg]
[www.ahmaddamra.com/Content/img/portfolio/takiah.jpg]
[www.ahmaddamra.com/Content/img/portfolio/Zain.jpg]
[www.ahmaddamra.com/Content/img/portfolio/exceed.jpg]
[www.ahmaddamra.com/Content/img/portfolio/saraya.jpg]
[www.ahmaddamra.com/Content/img/portfolio/opt.jpg]
[www.ahmaddamra.com/Content/img/portfolio/rj.jpg]
[www.ahmaddamra.com/Content/img/portfolio/jib.jpg]
[www.ahmaddamra.com/Content/img/portfolio/HBank.jpg]
[www.ahmaddamra.com/Content/img/portfolio/lib.jpg]
[www.ahmaddamra.com/Content/img/portfolio/img-11.jpg]
[www.ahmaddamra.com/Content/img/blog/img-1.jpg]
[www.ahmaddamra.com/Content/img/blog/img-2.jpg]
[www.ahmaddamra.com/Content/img/blog/img-3.jpg]
[www.ahmaddamra.com/Content/img/blog/img-4.jpg]
[www.ahmaddamra.com/Content/img/blog/img-5.jpg]
[www.ahmaddamra.com/Content/img/blog/img-6.jpg]
[www.ahmaddamra.com/Content/img/blog/img7.png]
[www.ahmaddamra.com/Content/img/blog/img8.png]
[www.ahmaddamra.com/Content/img/blog/img9.png]
[www.ahmaddamra.com/js/jquery.min.js]
[www.ahmaddamra.com/js/plugins.min.js]
[www.ahmaddamra.com/js/main.js]
[www.ahmaddamra.com/index.html]
[static.elfsight.com/platform/platform.js]
[www.ahmaddamra.com/Content/css/plugins/bootstrap.css]
[www.ahmaddamra.com/Content/css/plugins/font-awesome.css]
[www.ahmaddamra.com/Content/css/plugins/linear-icons.css]
[www.ahmaddamra.com/Content/css/plugins/animations.css]
[www.ahmaddamra.com/Content/css/plugins/jquery.animatedheadline.css]
[www.ahmaddamra.com/Content/css/plugins/owl.carousel.min.css]
[www.ahmaddamra.com/Content/css/plugins/owl.theme.default.min.css]
[www.ahmaddamra.com/Content/css/plugins/magnific-popup.css]
[www.ahmaddamra.com/Content/css/plugins/simplebar.css]
[www.ahmaddamra.com/Content/css/plugins.css]
[www.ahmaddamra.com/Content/css/style-light.css]
[www.ahmaddamra.com/Content/css/blue-color.css]
[www.ahmaddamra.com/single-work.html]
[www.ahmaddamra.com/_/Content/img/portfolio/img-11.html]
[www.ahmaddamra.com/Content/css/plugins/bootstrap.css]
[www.ahmaddamra.com/fonts/fa-brands-400.eot]
[www.ahmaddamra.com/fonts/fa-brands-400d41d.eot]
[www.ahmaddamra.com/fonts/fa-brands-400.woff2]
[www.ahmaddamra.com/fonts/fa-brands-400.woff]
[www.ahmaddamra.com/fonts/fa-brands-400.ttf]
[www.ahmaddamra.com/fonts/fa-regular-400.eot]
[www.ahmaddamra.com/fonts/fa-regular-400d41d.eot]
[www.ahmaddamra.com/fonts/fa-regular-400.woff2]
[www.ahmaddamra.com/fonts/fa-regular-400.woff]
[www.ahmaddamra.com/fonts/fa-regular-400.ttf]
[www.ahmaddamra.com/fonts/fa-solid-900.eot]
[www.ahmaddamra.com/fonts/fa-solid-900d41d.eot]
[www.ahmaddamra.com/fonts/fa-solid-900.woff2]
[www.ahmaddamra.com/fonts/fa-solid-900.woff]
[www.ahmaddamra.com/fonts/fa-solid-900.ttf]
[www.ahmaddamra.com/Content/css/plugins/font-awesome.css]
[www.ahmaddamra.com/fonts/Linearicons-Free54e9.eot]
[www.ahmaddamra.com/fonts/Linearicons-Freed41d.eot]
[www.ahmaddamra.com/fonts/Linearicons-Free54e9.woff2]
[www.ahmaddamra.com/fonts/Linearicons-Free54e9.woff]
[www.ahmaddamra.com/fonts/Linearicons-Free54e9.ttf]
[www.ahmaddamra.com/Content/css/plugins/linear-icons.css]
[www.ahmaddamra.com/Content/css/plugins/animations.css]
[www.ahmaddamra.com/Content/css/plugins/jquery.animatedheadline.css]
[www.ahmaddamra.com/Content/css/plugins/owl.carousel.min.css]
[www.ahmaddamra.com/Content/css/plugins/owl.theme.default.min.css]
[www.ahmaddamra.com/Content/css/plugins/magnific-popup.css]
[www.ahmaddamra.com/Content/css/plugins/simplebar.css]
[www.ahmaddamra.com/fonts/fa-brands-400.svg]
[www.ahmaddamra.com/fonts/fa-regular-400.svg]
[www.ahmaddamra.com/fonts/fa-solid-900.svg]
[www.ahmaddamra.com/fonts/Linearicons-Free54e9.svg]
[www.ahmaddamra.com/Content/css/plugins/owl.video.play.html]
